2026-09-21 13:39:07.732: [INFO] CurrentProfilePath: C:\Users\ajitm\Documents\NotesWala_Project\.metadata\.plugins\org.eclipse.swt\EBWebView\Default
2026-09-21 13:39:07.732: [INFO] Profiles total count: 1
2026-09-21 13:39:07.732: [INFO] Profile: name=Profile 1 path=C:\Users\ajitm\Documents\NotesWala_Project\.metadata\.plugins\org.eclipse.swt\EBWebView\Default lastActive=null
2026-09-21 13:39:07.732: [INFO] LastUsedProfileDir: C:\Users\ajitm\Documents\NotesWala_Project\.metadata\.plugins\org.eclipse.swt\EBWebView\Default
2026-09-21 13:39:07.732: [INFO] OnDoneLoading sync enabled: 0
2026-09-21 13:39:07.732: [INFO] BookmarkModelLoaded, ids_reassigned: 0
2026-09-21 13:39:07.732: [INFO] BookmarksLoadDropped droppedNodes=0
2026-09-21 13:39:07.732: [INFO] BookmarksSnapshot Startup total=0 bar=0 other=0 mobile=0 showBar=0 showBarNTP=1
2026-09-21 13:40:37.471: [INFO] BookmarksSnapshot Shutdown total=0 bar=0 other=0 mobile=0 showBar=0 showBarNTP=1
2026-09-21 13:41:11.335: [INFO] CurrentProfilePath: C:\Users\ajitm\Documents\NotesWala_Project\.metadata\.plugins\org.eclipse.swt\EBWebView\Default
2026-09-21 13:41:11.335: [INFO] Profiles total count: 1
2026-09-21 13:41:11.335: [INFO] Profile: name=Profile 1 path=C:\Users\ajitm\Documents\NotesWala_Project\.metadata\.plugins\org.eclipse.swt\EBWebView\Default lastActive=null
2026-09-21 13:41:11.335: [INFO] LastUsedProfileDir: C:\Users\ajitm\Documents\NotesWala_Project\.metadata\.plugins\org.eclipse.swt\EBWebView\Default
2026-09-21 13:41:11.335: [INFO] OnDoneLoading sync enabled: 0
2026-09-21 13:41:11.335: [INFO] BookmarkModelLoaded, ids_reassigned: 0
2026-09-21 13:41:11.335: [INFO] BookmarksLoadDropped droppedNodes=0
2026-09-21 13:41:11.335: [INFO] BookmarksSnapshot Startup total=0 bar=0 other=0 mobile=0 showBar=0 showBarNTP=1
2026-09-21 13:54:37.663: [INFO] BookmarksSnapshot Shutdown total=0 bar=0 other=0 mobile=0 showBar=0 showBarNTP=1
2026-09-21 13:57:58.672: [INFO] CurrentProfilePath: C:\Users\ajitm\Documents\NotesWala_Project\.metadata\.plugins\org.eclipse.swt\EBWebView\Default
2026-09-21 13:57:58.672: [INFO] Profiles total count: 1
2026-09-21 13:57:58.672: [INFO] Profile: name=Profile 1 path=C:\Users\ajitm\Documents\NotesWala_Project\.metadata\.plugins\org.eclipse.swt\EBWebView\Default lastActive=2026-09-21T13:49:00.092Z
2026-09-21 13:57:58.672: [INFO] LastUsedProfileDir: C:\Users\ajitm\Documents\NotesWala_Project\.metadata\.plugins\org.eclipse.swt\EBWebView\Default
2026-09-21 13:57:58.672: [INFO] MostRecentlyActiveProfile: name=Profile 1 path=C:\Users\ajitm\Documents\NotesWala_Project\.metadata\.plugins\org.eclipse.swt\EBWebView\Default lastActive=2026-09-21T13:49:00.092Z
2026-09-21 13:57:58.672: [INFO] OnDoneLoading sync enabled: 0
2026-09-21 13:57:58.672: [INFO] BookmarkModelLoaded, ids_reassigned: 0
2026-09-21 13:57:58.672: [INFO] BookmarksLoadDropped droppedNodes=0
2026-09-21 13:57:58.672: [INFO] BookmarksSnapshot Startup total=0 bar=0 other=0 mobile=0 showBar=0 showBarNTP=1
